// Jest Snapshot v1, https://goo.gl/fbAQLP

exports[`createRumi atomic and whole classes 1`] = `
<div
  className="rumi-gmqXFB rumi-dhzjXW rumi-hPVfiJ"
/>
`;

exports[`createRumi one class 1`] = `
Array [
  <div
    className="rumi-gmqXFB"
  />,
  <div
    className="rumi-gmqXFB"
  />,
]
`;
